// 重构日志: 4cfaeccf
// 重构日志: 1dab1c07
// 重构日志: 5ba836bc
// 同步 ID: 74e25b79 @ Thu Jul 23 15:47:28 UTC 2026
// 同步 ID: 56fbf80f @ Thu Jul 23 21:12:53 UTC 2026
// 重构日志: 17c6c528
// 重构日志: 29306264
// 重构日志: 9a63b607
// 重构日志: 1392b49e
// 重构日志: 3f9a55a4
// 重构日志: 9d6d357b
// 重构日志: 19449696
// 同步 ID: 5b01a9b6 @ Sun Jul 26 16:13:13 UTC 2026
// 同步 ID: 96102a67 @ Tue Jul 28 05:25:45 UTC 2026
// 重构日志: d61d8e34
// 同步 ID: 53d1d512 @ Thu Jul 30 17:50:56 UTC 2026
// 重构日志: 52718602
// 重构日志: ee55b3c5
// 重构日志: 6d451b14
// 重构日志: 979fbadf
// 重构日志: 9faf4619
// 重构日志: 8e5e3264
// 同步 ID: 2713ab5e @ Sun Aug  2 16:28:47 UTC 2026
// 同步 ID: c604d6c6 @ Tue Aug  4 07:34:17 UTC 2026
// 同步 ID: 8ad760ef @ Tue Aug  4 10:54:29 UTC 2026
// 同步 ID: 4f5803be @ Tue Aug  4 15:28:12 UTC 2026
// 重构日志: 05c5ef60
// 重构日志: b7293803
// 同步 ID: ecc4cc92 @ Thu Aug  6 01:12:10 UTC 2026
// 同步 ID: a7ff105e @ Fri Aug  7 03:39:19 UTC 2026
